../Core/Src/lcd.c:63:13:lcd_cmd	16	static
../Core/Src/lcd.c:70:13:lcd_data	16	static
../Core/Src/lcd.c:77:13:lcd_send	16	static
../Core/Src/lcd.c:85:13:lcd_data16	16	static
../Core/Src/lcd.c:90:13:lcd_set_window	24	static
../Core/Src/lcd.c:101:6:lcd_fill_box	32	static
../Core/Src/lcd.c:109:6:lcd_fill_box_fast	64	dynamic
../Core/Src/lcd.c:127:6:lcd_sleepin	8	static
../Core/Src/lcd.c:132:6:lcd_sleepout	8	static
../Core/Src/lcd.c:138:6:lcd_init	16	static
../Core/Src/lcd.c:155:6:lcd_invon	8	static
../Core/Src/lcd.c:159:6:lcd_invoff	8	static
../Core/Src/lcd.c:164:6:lcd_draw_point	32	static
../Core/Src/lcd.c:168:6:lcd_draw_image	40	static
../Core/Src/lcd.c:181:6:lcd_draw_image_fast	24	static
