../Core/Src/lcd.c:40:13:lcd_cmd	16	static
../Core/Src/lcd.c:47:13:lcd_data	16	static
../Core/Src/lcd.c:54:13:lcd_send	16	static
../Core/Src/lcd.c:63:13:lcd_data16	16	static
../Core/Src/lcd.c:68:13:lcd_set_window	24	static
../Core/Src/lcd.c:79:6:lcd_fill_box	32	static
../Core/Src/lcd.c:87:6:lcd_fill_box_fast	64	dynamic
../Core/Src/lcd.c:107:6:lcd_sleepin	8	static
../Core/Src/lcd.c:112:6:lcd_sleepout	8	static
../Core/Src/lcd.c:140:6:lcd_init	16	static
../Core/Src/lcd.c:157:6:lcd_invon	8	static
../Core/Src/lcd.c:161:6:lcd_invoff	8	static
../Core/Src/lcd.c:165:6:lcd_drawing_test	16	static
../Core/Src/lcd.c:180:6:lcd_draw_point	32	static
../Core/Src/lcd.c:184:6:lcd_colorize_pixel	24	static
../Core/Src/lcd.c:201:6:lcd_draw_image	40	static
../Core/Src/lcd.c:214:6:lcd_draw_image_fast	24	static
