../Core/Src/main.c:96:5:main	96	static
../Core/Src/main.c:215:6:SystemClock_Config	96	static
../Core/Src/main.c:262:6:live_mode_prog	1216	static
../Core/Src/main.c:283:6:history_mode_prog	472	static
../Core/Src/main.c:312:6:load_history_from_eeprom	32	static
../Core/Src/main.c:319:6:save_history_to_eeprom	48	static
../Core/Src/main.c:344:6:printHistory	24	static
../Core/Src/main.c:353:6:checkFlags	8	static
../Core/Src/main.c:362:6:fflush_sc_buff	16	static
../Core/Src/main.c:379:6:HAL_UART_RxCpltCallback	16	static
../Core/Src/main.c:391:6:Error_Handler	4	static,ignoring_inline_asm
