../Core/Src/main.c:115:5:main	24	static
../Core/Src/main.c:200:6:SystemClock_Config	96	static
../Core/Src/main.c:247:6:live_mode_prog	1216	static
../Core/Src/main.c:268:6:history_mode_prog	472	static
../Core/Src/main.c:297:6:load_history_from_eeprom	40	static
../Core/Src/main.c:308:6:read_eeprom_memcell	32	static
../Core/Src/main.c:327:6:save_history_to_eeprom	48	static
../Core/Src/main.c:356:6:save_entry_to_eeprom	40	static
../Core/Src/main.c:389:6:get_entry	48	static
../Core/Src/main.c:412:6:printHistory	24	static
../Core/Src/main.c:421:6:checkFlags	8	static
../Core/Src/main.c:433:6:fflush_sc_buff	16	static
../Core/Src/main.c:459:6:clrTxtBuff	24	static
../Core/Src/main.c:465:6:prsCmd	64	static
../Core/Src/main.c:510:6:memr	24	static
../Core/Src/main.c:516:6:eraseHis	48	static
../Core/Src/main.c:524:6:printMem	48	static
../Core/Src/main.c:531:6:saveEntry	16	static
../Core/Src/main.c:539:6:printMan	8	static
../Core/Src/main.c:552:6:setDate	32	static
../Core/Src/main.c:563:6:setTime	40	static
../Core/Src/main.c:575:6:printDate	32	static
../Core/Src/main.c:586:6:printTime	32	static
../Core/Src/main.c:596:6:HAL_UART_RxCpltCallback	16	static
../Core/Src/main.c:608:6:Error_Handler	4	static,ignoring_inline_asm
